// Jest Snapshot v1, https://goo.gl/fbAQLP

exports[`Form component renders correctly 1`] = `
<form
  onSubmit={undefined}
>
  <button
    disabled={undefined}
  />
</form>
`;
