// Jest Snapshot v1, https://goo.gl/fbAQLP

exports[`Input component renders correctly 1`] = `
<input
  disabled={undefined}
  onChange={undefined}
  placeholder={undefined}
  required={undefined}
  type={undefined}
/>
`;
